Command 'next' not found, but can be installed with:
sudo apt install mailutils-mh  # version 1:3.16-1build1, or
sudo apt install mmh           # version 0.4-6
sudo apt install nmh           # version 1.8-1
